Title,Author,ISBN,My Rating,Average Rating,Publisher,Binding,Year Published,Original Publication Year,Date Read,Date Added,Shelves,Bookshelves,My Review
Fourth Wing,Rebecca Yarros,9788820077334,5,,,,,,,,,,
